 Logic loading report
 ====================

 Top level Layout cell : layout
 Eddm Logic source : /home/rxc1028/digicdesign/project/viewpoint


*** Existing cell /home/rxc1028/digicdesign/project/layout


   Single pin nets
   ---------------
   $dummy[0]
   $dummy[1]
   $dummy[2]
   $dummy[3]
   $dummy[4]
   $dummy[5]
   $dummy[6]
   $dummy[7]
   $dummy[8]
   $dummy[9]
   $dummy[10]
   $dummy[11]
   $dummy[12]
   $dummy[13]
   $dummy[14]
   $dummy[15]
   $dummy[16]
   $dummy[17]
   $dummy[18]
   $dummy[19]
   $dummy[20]
   $dummy[21]
   $dummy[22]
   $dummy[23]
   $dummy[24]
   $dummy[25]
   $dummy[26]
   $dummy[27]
   $dummy[28]
   $dummy[29]
   $dummy[30]
   $dummy[31]
   $dummy[32]
   $dummy[33]
   $dummy[34]
   $dummy[35]
   $dummy[36]
   $dummy[37]
   $dummy[38]
   $dummy[39]
   $dummy[40]
   $dummy[41]
   $dummy[42]
   $dummy[43]
   $dummy[44]
   $dummy[45]
   $dummy[46]
   $dummy[47]
   $dummy[48]
   $dummy[49]
   $dummy[50]
   $dummy[51]
   $dummy[52]
   $dummy[53]
   $dummy[54]
   $dummy[55]
   $dummy[56]
   $dummy[57]
   $dummy[58]
   $dummy[59]
   $dummy[60]
   $dummy[61]
   $dummy[62]
   $dummy[63]
   $dummy[64]
   $dummy[65]
   $dummy[66]
   $dummy[67]
   $dummy[68]
   $dummy[69]
   $dummy[70]
   $dummy[71]
   $dummy[72]
   $dummy[73]
   $dummy[74]
   $dummy[75]
   $dummy[76]
   $dummy[77]
   $dummy[78]
   $dummy[79]
   $dummy[80]
   $dummy[81]
   $dummy[82]
   $dummy[83]
   $dummy[84]
   $dummy[85]
   $dummy[86]
   $dummy[87]
   $dummy[88]
   $dummy[89]
   $dummy[90]
   $dummy[91]
   $dummy[92]
   $dummy[93]
   $dummy[94]
   $dummy[95]
   $dummy[96]
   $dummy[97]
   $dummy[98]
   $dummy[99]
   $dummy[100]
   $dummy[101]
   $dummy[102]
   $dummy[103]
   $dummy[104]
   $dummy[105]
   $dummy[106]
   $dummy[107]
   $dummy[108]
   $dummy[109]
   $dummy[110]
   $dummy[111]
   $dummy[112]
   $dummy[113]
   $dummy[114]
   $dummy[115]
   $dummy[116]
   $dummy[117]
   $dummy[118]
   $dummy[119]
   $dummy[120]
   $dummy[121]
   $dummy[122]
   $dummy[123]
   $dummy[124]
   $dummy[125]
   $dummy[126]
   $dummy[127]
   $dummy[128]
   $dummy[129]
   $dummy[130]
   $dummy[131]
   $dummy[132]
   $dummy[133]
   $dummy[134]
   $dummy[135]
   $dummy[136]
   $dummy[137]
   $dummy[138]
   $dummy[139]
   $dummy[140]
   $dummy[141]
   $dummy[142]
   $dummy[143]
   $dummy[144]
   $dummy[145]
   $dummy[146]
   $dummy[147]
   $dummy[148]
   $dummy[149]
   $dummy[150]
   $dummy[151]
   $dummy[152]
   $dummy[153]
   $dummy[154]
   $dummy[155]
   $dummy[156]
   $dummy[157]
   $dummy[158]
   $dummy[159]
   $dummy[160]
   $dummy[161]
   $dummy[162]
   $dummy[163]
   $dummy[164]
   $dummy[165]
   $dummy[166]
   $dummy[167]
   $dummy[168]
   $dummy[169]
   $dummy[170]
   $dummy[171]
   $dummy[172]
   $dummy[173]
   $dummy[174]
   $dummy[175]
   $dummy[176]
   $dummy[177]
   $dummy[178]
   $dummy[179]
   $dummy[180]
   $dummy[181]
   $dummy[182]
   $dummy[183]
   $dummy[184]
   $dummy[185]
   $dummy[186]
   $dummy[187]
   $dummy[188]
   $dummy[189]
   $dummy[190]
   $dummy[191]
   $dummy[192]
   $dummy[193]
   $dummy[194]
   $dummy[195]
   $dummy[196]
   $dummy[197]
   $dummy[198]
   $dummy[199]
   $dummy[200]
   $dummy[201]
   $dummy[202]
   $dummy[203]
   $dummy[204]
   $dummy[205]
   $dummy[206]
   $dummy[207]
   $dummy[208]
   $dummy[209]
   $dummy[210]
   $dummy[211]
   $dummy[212]
   $dummy[213]
   $dummy[214]
   $dummy[215]
   $dummy[216]
   $dummy[217]
   $dummy[218]
   $dummy[219]
   $dummy[220]
   $dummy[221]
   $dummy[222]
   $dummy[223]
   $dummy[224]
   $dummy[225]
   $dummy[226]
   $dummy[227]
   $dummy[228]
   $dummy[229]
   $dummy[230]
   $dummy[231]
   $dummy[232]
   $dummy[233]
   $dummy[234]
   $dummy[235]
   $dummy[236]
   $dummy[237]
   $dummy[238]
   $dummy[239]
   $dummy[240]
   $dummy[241]
   $dummy[242]
   $dummy[243]
   $dummy[244]
   $dummy[245]
   $dummy[246]
   $dummy[247]
   $dummy[248]
   $dummy[249]
   $dummy[250]
   $dummy[251]
   $dummy[252]
   $dummy[253]
   $dummy[254]
   $dummy[255]
   $dummy[256]
   $dummy[257]
   $dummy[258]
   $dummy[259]
   $dummy[260]
   $dummy[261]
   $dummy[262]
   $dummy[263]
   $dummy[264]
   $dummy[265]
   $dummy[266]
   $dummy[267]
   $dummy[268]
   $dummy[269]
   $dummy[270]
   $dummy[271]
   $dummy[272]
   $dummy[273]
   $dummy[274]
   $dummy[275]
   $dummy[276]
   $dummy[277]
   $dummy[278]
   $dummy[279]
   $dummy[280]
   $dummy[281]
   $dummy[282]
   $dummy[283]
   $dummy[284]
   $dummy[285]
   $dummy[286]
   $dummy[287]
   $dummy[288]
   $dummy[289]
   $dummy[290]
   $dummy[291]
   $dummy[292]
   $dummy[293]
   $dummy[294]
   $dummy[295]
   $dummy[296]
   $dummy[297]
   $dummy[298]
   $dummy[299]
   $dummy[300]
   $dummy[301]
   $dummy[302]
   $dummy[303]
   $dummy[304]
   $dummy[305]
   $dummy[306]
   $dummy[307]
   $dummy[308]
   $dummy[309]
   $dummy[310]
   $dummy[311]
   $dummy[312]
   $dummy[313]
   $dummy[314]
   $dummy[315]
   $dummy[316]
   $dummy[317]
   $dummy[318]
   $dummy[319]
   $dummy[320]
   $dummy[321]
   $dummy[322]
   $dummy[323]
   $dummy[324]
   $dummy[325]
   $dummy[326]
   $dummy[327]
   $dummy[328]
   $dummy[329]
   $dummy[330]
   $dummy[331]
   $dummy[332]
   $dummy[333]
   $dummy[334]
   $dummy[335]
   $dummy[336]
   $dummy[337]
   $dummy[338]
   $dummy[339]
   $dummy[340]
   $dummy[341]
   $dummy[342]
   $dummy[343]
   $dummy[344]
   $dummy[345]
   $dummy[346]
   $dummy[347]
   $dummy[348]
   $dummy[349]
   $dummy[350]
   $dummy[351]
   $dummy[352]
   $dummy[353]
   $dummy[354]
   $dummy[355]
   $dummy[356]
   $dummy[357]
   $dummy[358]
   $dummy[359]
   $dummy[360]
   $dummy[361]
   $dummy[362]
   $dummy[363]
   $dummy[364]
   $dummy[365]
   $dummy[366]
   $dummy[367]
   $dummy[368]
   $dummy[369]
   $dummy[370]
   $dummy[371]
   $dummy[372]
   $dummy[373]
   $dummy[374]
   $dummy[375]
   $dummy[376]
   $dummy[377]
   $dummy[378]
   $dummy[379]
   $dummy[380]
   $dummy[381]
   $dummy[382]
   $dummy[383]
   $dummy[384]
   $dummy[385]
   $dummy[386]
   $dummy[387]
   $dummy[388]
   $dummy[389]
   $dummy[390]
   $dummy[391]
   $dummy[392]
   $dummy[393]
   $dummy[394]
   $dummy[395]
   $dummy[396]
   $dummy[397]
   $dummy[398]
   $dummy[399]
   $dummy[400]
   $dummy[401]
   $dummy[402]
   $dummy[403]
   $dummy[404]
   $dummy[405]
   $dummy[406]
   $dummy[407]
   $dummy[408]
   $dummy[409]
   $dummy[410]
   $dummy[411]
   $dummy[412]
   $dummy[413]
   $dummy[414]
   $dummy[415]
   $dummy[416]
   $dummy[417]
   $dummy[418]
   $dummy[419]
   $dummy[420]
   $dummy[421]
   $dummy[422]
   $dummy[423]
   $dummy[424]
   $dummy[425]
   $dummy[426]
   $dummy[427]
   $dummy[428]
   $dummy[429]
   $dummy[430]
   $dummy[431]
   $dummy[432]
   $dummy[433]
   $dummy[434]
   $dummy[435]
   $dummy[436]
   $dummy[437]
   $dummy[438]
   $dummy[439]
   $dummy[440]
   $dummy[441]
   $dummy[442]
   $dummy[443]
   $dummy[444]
   $dummy[445]
   $dummy[446]
   $dummy[447]
   $dummy[448]
   $dummy[449]
   $dummy[450]
   $dummy[451]
   $dummy[452]
   $dummy[453]
   $dummy[454]
   $dummy[455]
   $dummy[456]
   $dummy[457]
   $dummy[458]
   $dummy[459]
   $dummy[460]
   $dummy[461]
   $dummy[462]
   $dummy[463]
   $dummy[464]
   $dummy[465]
   $dummy[466]
   $dummy[467]
   $dummy[468]
   $dummy[469]
   $dummy[470]
   $dummy[471]
   $dummy[472]
   $dummy[473]
   $dummy[474]
   $dummy[475]
   $dummy[476]
   $dummy[477]
   $dummy[478]
   $dummy[479]
   $dummy[480]
   $dummy[481]
   $dummy[482]
   $dummy[483]
   $dummy[484]
   $dummy[485]
   $dummy[486]
   $dummy[487]
   $dummy[488]
   $dummy[489]
   $dummy[490]
   $dummy[491]
   $dummy[492]
   $dummy[493]
   $dummy[494]
   $dummy[495]
   $dummy[496]
   $dummy[497]
   $dummy[498]
   $dummy[499]
   $dummy[500]
   $dummy[501]
   $dummy[502]
   $dummy[503]
   $dummy[504]
   $dummy[505]
   $dummy[506]
   $dummy[507]
   $dummy[508]
   $dummy[509]
   $dummy[510]
   $dummy[511]
   $dummy[512]
   $dummy[513]
   $dummy[514]
   $dummy[515]
   $dummy[516]
   $dummy[517]
   $dummy[518]
   $dummy[519]
   $dummy[520]
   $dummy[521]
   $dummy[522]
   $dummy[523]
   $dummy[524]
   $dummy[525]
   $dummy[526]
   $dummy[527]
   $dummy[528]
   $dummy[529]
   $dummy[530]
   $dummy[531]
   $dummy[532]
   $dummy[533]
   $dummy[534]
   $dummy[535]
   $dummy[536]
   $dummy[537]
   $dummy[538]
   $dummy[539]
   $dummy[540]
   $dummy[541]
   $dummy[542]
   $dummy[543]
   $dummy[544]
   $dummy[545]
   $dummy[546]
   $dummy[547]
   $dummy[548]
   $dummy[549]
   $dummy[550]
   $dummy[551]
   $dummy[552]
   $dummy[553]
   $dummy[554]
   $dummy[555]
   $dummy[556]
   $dummy[557]
   $dummy[558]
   $dummy[559]
   $dummy[560]
   $dummy[561]
   $dummy[562]
   $dummy[563]
   $dummy[564]
   $dummy[565]
   $dummy[566]
   $dummy[567]
   $dummy[568]
   $dummy[569]
   $dummy[570]
   $dummy[571]
   $dummy[572]
   $dummy[573]
   $dummy[574]
   $dummy[575]
   $dummy[576]
   $dummy[577]
   $dummy[578]
   $dummy[579]
   $dummy[580]
   $dummy[581]
   $dummy[582]
   $dummy[583]
   $dummy[584]
   $dummy[585]
   $dummy[586]
   $dummy[587]
   $dummy[588]
   $dummy[589]
   $dummy[590]
   $dummy[591]
   $dummy[592]
   $dummy[593]
   $dummy[594]
   $dummy[595]
   $dummy[596]
   $dummy[597]
   $dummy[598]
   $dummy[599]
   $dummy[600]
   $dummy[601]
   $dummy[602]
   $dummy[603]
   $dummy[604]
   $dummy[605]
   $dummy[606]
   $dummy[607]
   $dummy[608]
   $dummy[609]
   $dummy[610]
   $dummy[611]
   $dummy[612]
   $dummy[613]
   $dummy[614]
   $dummy[615]
   $dummy[616]
   $dummy[617]
   $dummy[618]
   $dummy[619]
   $dummy[620]
   $dummy[621]
   $dummy[622]
   $dummy[623]
   $dummy[624]
   $dummy[625]
   $dummy[626]
   $dummy[627]
   $dummy[628]
   $dummy[629]
   $dummy[630]
   $dummy[631]
   $dummy[632]
   $dummy[633]
   $dummy[634]
   $dummy[635]
   $dummy[636]
   $dummy[637]
   $dummy[638]
   $dummy[639]
   $dummy[640]
   $dummy[641]
   $dummy[642]
   $dummy[643]
   $dummy[644]
   $dummy[645]
   $dummy[646]
   $dummy[647]
   $dummy[648]
   $dummy[649]
   $dummy[650]
   $dummy[651]
   $dummy[652]
   $dummy[653]
   $dummy[654]
   $dummy[655]
   $dummy[656]
   $dummy[657]
   $dummy[658]
   $dummy[659]
   $dummy[660]
   $dummy[661]
   $dummy[662]
   $dummy[663]
   $dummy[664]
   $dummy[665]
   $dummy[666]
   $dummy[667]
   $dummy[668]
   $dummy[669]
   $dummy[670]
   $dummy[671]
   $dummy[672]
   $dummy[673]
   $dummy[674]
   $dummy[675]
   $dummy[676]
   $dummy[677]
   $dummy[678]
   $dummy[679]
   $dummy[680]
   $dummy[681]
   $dummy[682]
   $dummy[683]
   $dummy[684]
   $dummy[685]
   $dummy[686]
   $dummy[687]
   $dummy[688]
   $dummy[689]
   $dummy[690]
   $dummy[691]
   $dummy[692]
   $dummy[693]
   $dummy[694]
   $dummy[695]
   $dummy[696]
   $dummy[697]
   $dummy[698]
   $dummy[699]
   $dummy[700]
   $dummy[701]
   $dummy[702]
   $dummy[703]
   $dummy[704]
   $dummy[705]
   $dummy[706]
   $dummy[707]
   $dummy[708]
   $dummy[709]
   $dummy[710]
   $dummy[711]
   $dummy[712]
   $dummy[713]
   $dummy[714]
   $dummy[715]
   $dummy[716]
   $dummy[717]
   $dummy[718]
   $dummy[719]
   $dummy[720]
   $dummy[721]
   $dummy[722]
   $dummy[723]
   $dummy[724]
   $dummy[725]
   $dummy[726]
   $dummy[727]
   $dummy[728]
   $dummy[729]
   $dummy[730]
   $dummy[731]
   $dummy[732]
   $dummy[733]
   $dummy[734]
   $dummy[735]
   $dummy[736]
   $dummy[737]
   $dummy[738]
   $dummy[739]
   $dummy[740]
   $dummy[741]
   $dummy[742]
   $dummy[743]
   $dummy[744]
   $dummy[745]
   $dummy[746]
   $dummy[747]
   $dummy[748]
   $dummy[749]
   $dummy[750]
   $dummy[751]
   $dummy[752]
   $dummy[753]
   $dummy[754]
   $dummy[755]
   $dummy[756]
   $dummy[757]
   $dummy[758]
   $dummy[759]
   $dummy[760]
   $dummy[761]
   $dummy[762]
   $dummy[763]
   $dummy[764]
   $dummy[765]
   $dummy[766]
   $dummy[767]
   $dummy[768]
   $dummy[769]
   $dummy[770]
   $dummy[771]
   $dummy[772]
   $dummy[773]
   $dummy[774]
   $dummy[775]
   $dummy[776]
   $dummy[777]
   $dummy[778]
   $dummy[779]
   $dummy[780]
   $dummy[781]
   $dummy[782]
   $dummy[783]
   $dummy[784]
   $dummy[785]
   $dummy[786]
   $dummy[787]
   $dummy[788]
   $dummy[789]
   $dummy[790]
   $dummy[791]
   $dummy[792]
   $dummy[793]
   $dummy[794]
   $dummy[795]
   $dummy[796]
   $dummy[797]
   $dummy[798]
   $dummy[799]
   $dummy[800]
   $dummy[801]
   $dummy[802]
   $dummy[803]
   $dummy[804]
   $dummy[805]
   $dummy[806]
   $dummy[807]
   $dummy[808]
   $dummy[809]
   $dummy[810]
   $dummy[811]
   $dummy[812]
   $dummy[813]
   $dummy[814]
   $dummy[815]
   $dummy[816]
   $dummy[817]
   $dummy[818]
   $dummy[819]
   $dummy[820]
   $dummy[821]
   $dummy[822]
   $dummy[823]
   $dummy[824]
   $dummy[825]
   $dummy[826]
   $dummy[827]
   $dummy[828]
   $dummy[829]
   $dummy[830]
   $dummy[831]
   $dummy[832]
   $dummy[833]
   $dummy[834]
   $dummy[835]
   $dummy[836]
   $dummy[837]
   $dummy[838]
   $dummy[839]
   $dummy[840]
   $dummy[841]
   $dummy[842]
   $dummy[843]
   $dummy[844]
   $dummy[845]
   $dummy[846]
   $dummy[847]
   $dummy[848]
   $dummy[849]
   $dummy[850]
   $dummy[851]
   $dummy[852]
   $dummy[853]
   $dummy[854]
   $dummy[855]
   $dummy[856]
   $dummy[857]
   $dummy[858]
   $dummy[859]
   $dummy[860]
   $dummy[861]
   $dummy[862]
   $dummy[863]
   $dummy[864]
   $dummy[865]
   $dummy[866]
   $dummy[867]
   $dummy[868]
   $dummy[869]
   $dummy[870]
   $dummy[871]
   $dummy[872]
   $dummy[873]
   $dummy[874]
   $dummy[875]
   $dummy[876]
   $dummy[877]
   $dummy[878]
   $dummy[879]
   $dummy[880]
   $dummy[881]
   $dummy[882]
   $dummy[883]
   $dummy[884]
   $dummy[885]
   $dummy[886]
   $dummy[887]
   $dummy[888]
   $dummy[889]
   $dummy[890]
   $dummy[891]
   $dummy[892]
   $dummy[893]
   $dummy[894]
   $dummy[895]
   $dummy[896]
   $dummy[897]
   $dummy[898]
   $dummy[899]
   $dummy[900]
   $dummy[901]
   $dummy[902]
   $dummy[903]
   $dummy[904]
   $dummy[905]
   $dummy[906]
   $dummy[907]
   $dummy[908]
   $dummy[909]
   $dummy[910]
   $dummy[911]
   $dummy[912]
   $dummy[913]
   $dummy[914]
   $dummy[915]
   $dummy[916]
   $dummy[917]
   $dummy[918]
   $dummy[919]
   $dummy[920]
   $dummy[921]
   $dummy[922]
   $dummy[923]
   $dummy[924]
   $dummy[925]
   $dummy[926]
   $dummy[927]
   $dummy[928]
   $dummy[929]
   $dummy[930]
   $dummy[931]
   $dummy[932]
   $dummy[933]
   $dummy[934]
   $dummy[935]
   $dummy[936]
   $dummy[937]
   $dummy[938]
   $dummy[939]
   $dummy[940]
   $dummy[941]
   $dummy[942]
   $dummy[943]
   $dummy[944]
   $dummy[945]
   $dummy[946]
   $dummy[947]
   $dummy[948]
   $dummy[949]
   $dummy[950]
   $dummy[951]
   $dummy[952]
   $dummy[953]
   $dummy[954]
   $dummy[955]
   $dummy[956]
   $dummy[957]
   $dummy[958]
   $dummy[959]
   $dummy[960]
   $dummy[961]
   $dummy[962]
   $dummy[963]
   $dummy[964]
   $dummy[965]
   $dummy[966]
   $dummy[967]
   $dummy[968]
   $dummy[969]
   $dummy[970]
   $dummy[971]
   $dummy[972]
   $dummy[973]
   $dummy[974]
   $dummy[975]
   $dummy[976]
   $dummy[977]
   $dummy[978]
   $dummy[979]
   $dummy[980]
   $dummy[981]
   $dummy[982]
   $dummy[983]
   $dummy[984]
   $dummy[985]
   $dummy[986]
   $dummy[987]
   $dummy[988]
   $dummy[989]
   $dummy[990]
   $dummy[991]
   $dummy[992]
   $dummy[993]
   $dummy[994]
   $dummy[995]
   $dummy[996]
   $dummy[997]
   $dummy[998]
   $dummy[999]
   $dummy[1000]
   $dummy[1001]
   $dummy[1002]
   $dummy[1003]
   $dummy[1004]
   $dummy[1005]
   $dummy[1006]
   $dummy[1007]
   $dummy[1008]
   $dummy[1009]
   $dummy[1010]
   $dummy[1011]
   $dummy[1012]
   $dummy[1013]
   $dummy[1014]
   $dummy[1015]
   $dummy[1016]
   $dummy[1017]
   $dummy[1018]
   $dummy[1019]
   $dummy[1020]
   $dummy[1021]
   $dummy[1022]
   $dummy[1023]
   $dummy[1024]
   $dummy[1025]
   $dummy[1026]
   $dummy[1027]
   $dummy[1028]
   $dummy[1029]
   $dummy[1030]
   $dummy[1031]
   $dummy[1032]
   $dummy[1033]
   $dummy[1034]
   $dummy[1035]
   $dummy[1036]
   $dummy[1037]
   $dummy[1038]
   $dummy[1039]
   $dummy[1040]
   $dummy[1041]
   $dummy[1042]
   $dummy[1043]
   $dummy[1044]
   $dummy[1045]
   $dummy[1046]
   $dummy[1047]
   $dummy[1048]
   $dummy[1049]
   $dummy[1050]
   $dummy[1051]
   $dummy[1052]
   $dummy[1053]
   $dummy[1054]
   $dummy[1055]
   $dummy[1056]
   $dummy[1057]
   $dummy[1058]
   $dummy[1059]
   $dummy[1060]
   $dummy[1061]
   $dummy[1062]
   $dummy[1063]
   $dummy[1064]
   $dummy[1065]
   $dummy[1066]
   $dummy[1067]
   $dummy[1068]
   $dummy[1069]
   $dummy[1070]
   $dummy[1071]
   $dummy[1072]
   $dummy[1073]
   $dummy[1074]
   $dummy[1075]
   $dummy[1076]
   $dummy[1077]
   $dummy[1078]
   $dummy[1079]
   $dummy[1080]
   $dummy[1081]
   $dummy[1082]
   $dummy[1083]
   $dummy[1084]
   $dummy[1085]
   $dummy[1086]
   $dummy[1087]
   $dummy[1088]
   $dummy[1089]
   $dummy[1090]
   $dummy[1091]
   $dummy[1092]
   $dummy[1093]
   $dummy[1094]
   $dummy[1095]
   $dummy[1096]
   $dummy[1097]
   $dummy[1098]
   $dummy[1099]
   $dummy[1100]
   $dummy[1101]
   $dummy[1102]
   $dummy[1103]
   $dummy[1104]
   $dummy[1105]
   $dummy[1106]
   $dummy[1107]
   $dummy[1108]
   $dummy[1109]
   $dummy[1110]
   $dummy[1111]
   $dummy[1112]
   $dummy[1113]
   $dummy[1114]
   $dummy[1115]
   $dummy[1116]
   $dummy[1117]
   $dummy[1118]
   $dummy[1119]
   $dummy[1120]
   $dummy[1121]
   $dummy[1122]
   $dummy[1123]
   $dummy[1124]
   $dummy[1125]
   $dummy[1126]
   $dummy[1127]
   $dummy[1128]
   $dummy[1129]
   $dummy[1130]
   $dummy[1131]
   $dummy[1132]
   $dummy[1133]
   $dummy[1134]
   $dummy[1135]
   $dummy[1136]
   $dummy[1137]
   $dummy[1138]
   $dummy[1139]
   $dummy[1140]
   $dummy[1141]
   $dummy[1142]
   $dummy[1143]
   $dummy[1144]
   $dummy[1145]
   $dummy[1146]
   $dummy[1147]
   $dummy[1148]
   $dummy[1149]
   $dummy[1150]
   $dummy[1151]
   $dummy[1152]
   $dummy[1153]
   $dummy[1154]
   $dummy[1155]
   $dummy[1156]
   $dummy[1157]
   $dummy[1158]
   $dummy[1159]
   $dummy[1160]
   $dummy[1161]
   $dummy[1162]
   $dummy[1163]
   $dummy[1164]
   $dummy[1165]
   $dummy[1166]
   $dummy[1167]
   $dummy[1168]
   $dummy[1169]
   $dummy[1170]
   $dummy[1171]
   $dummy[1172]
   $dummy[1173]
   $dummy[1174]
   $dummy[1175]
   $dummy[1176]
   $dummy[1177]
   $dummy[1178]
   $dummy[1179]
   $dummy[1180]
   $dummy[1181]
   $dummy[1182]
   $dummy[1183]
   $dummy[1184]
   $dummy[1185]
   $dummy[1186]
   $dummy[1187]
   $dummy[1188]
   $dummy[1189]
   $dummy[1190]
   $dummy[1191]
   $dummy[1192]
   $dummy[1193]
   $dummy[1194]
   $dummy[1195]
   $dummy[1196]
   $dummy[1197]
   $dummy[1198]
   $dummy[1199]
   $dummy[1200]
   $dummy[1201]
   $dummy[1202]
   $dummy[1203]
   $dummy[1204]
   $dummy[1205]
   $dummy[1206]
   $dummy[1207]
   $dummy[1208]
   $dummy[1209]
   $dummy[1210]
   $dummy[1211]
   $dummy[1212]
   $dummy[1213]
   $dummy[1214]
   $dummy[1215]
   $dummy[1216]
   $dummy[1217]
   $dummy[1218]
   $dummy[1219]
   $dummy[1220]
   $dummy[1221]
   $dummy[1222]
   $dummy[1223]
   $dummy[1224]
   $dummy[1225]
   $dummy[1226]
   $dummy[1227]
   $dummy[1228]
   $dummy[1229]
   $dummy[1230]
   $dummy[1231]
   $dummy[1232]
   $dummy[1233]
   $dummy[1234]
   $dummy[1235]
   $dummy[1236]
   $dummy[1237]
   $dummy[1238]
   $dummy[1239]
   $dummy[1240]
   $dummy[1241]
   $dummy[1242]
   $dummy[1243]
   $dummy[1244]
   $dummy[1245]
   $dummy[1246]
   $dummy[1247]
   $dummy[1248]
   $dummy[1249]
   $dummy[1250]
   $dummy[1251]
   $dummy[1252]
   $dummy[1253]
   $dummy[1254]
   $dummy[1255]
   $dummy[1256]
   $dummy[1257]
   $dummy[1258]
   $dummy[1259]
   $dummy[1260]
   $dummy[1261]
   $dummy[1262]
   $dummy[1263]
   $dummy[1264]
   $dummy[1265]
   $dummy[1266]
   $dummy[1267]
   $dummy[1268]
   $dummy[1269]
   $dummy[1270]
   $dummy[1271]
   $dummy[1272]
   $dummy[1273]
   $dummy[1274]
   $dummy[1275]
   $dummy[1276]
   $dummy[1277]
   $dummy[1278]
   $dummy[1279]
   $dummy[1280]
   $dummy[1281]
   $dummy[1282]
   $dummy[1283]
   $dummy[1284]
   $dummy[1285]
   $dummy[1286]
   $dummy[1287]
   $dummy[1288]
   $dummy[1289]
   $dummy[1290]
   $dummy[1291]
   $dummy[1292]
   $dummy[1293]
   $dummy[1294]
   $dummy[1295]
   $dummy[1296]
   $dummy[1297]
   $dummy[1298]
   $dummy[1299]
   $dummy[1300]
   $dummy[1301]
   $dummy[1302]
   $dummy[1303]
   $dummy[1304]
   $dummy[1305]
   $dummy[1306]
   $dummy[1307]
   $dummy[1308]
   $dummy[1309]
   $dummy[1310]
   $dummy[1311]
   $dummy[1312]
   $dummy[1313]
   $dummy[1314]
   $dummy[1315]
   $dummy[1316]
   $dummy[1317]
   $dummy[1318]
   $dummy[1319]
   $dummy[1320]
   $dummy[1321]
   $dummy[1322]
   $dummy[1323]
   $dummy[1324]
   $dummy[1325]
   $dummy[1326]
   $dummy[1327]
   $dummy[1328]
   $dummy[1329]
   $dummy[1330]
   $dummy[1331]
   $dummy[1332]
   $dummy[1333]
   $dummy[1334]
   $dummy[1335]
   $dummy[1336]
   $dummy[1337]
   $dummy[1338]
   $dummy[1339]
   $dummy[1340]
   $dummy[1341]
   $dummy[1342]
   $dummy[1343]
   $dummy[1344]
   $dummy[1345]
   $dummy[1346]
   $dummy[1347]
   $dummy[1348]
   $dummy[1349]
   $dummy[1350]
   $dummy[1351]
   $dummy[1352]
   $dummy[1353]
   $dummy[1354]
   $dummy[1355]
   $dummy[1356]
   $dummy[1357]
   $dummy[1358]
   $dummy[1359]
   $dummy[1360]
   $dummy[1361]
   $dummy[1362]
   $dummy[1363]
   $dummy[1364]
   $dummy[1365]
   $dummy[1366]
   $dummy[1367]
   $dummy[1368]
   $dummy[1369]
   $dummy[1370]
   $dummy[1371]
   $dummy[1372]
   $dummy[1373]
   $dummy[1374]
   $dummy[1375]
   $dummy[1376]
   $dummy[1377]
   $dummy[1378]
   $dummy[1379]
   $dummy[1380]
   $dummy[1381]
   $dummy[1382]
   $dummy[1383]
   $dummy[1384]
   $dummy[1385]
   $dummy[1386]
   $dummy[1387]
   $dummy[1388]
   $dummy[1389]
   $dummy[1390]
   $dummy[1391]
   $dummy[1392]
   $dummy[1393]
   $dummy[1394]
   $dummy[1395]
   $dummy[1396]
   $dummy[1397]
   $dummy[1398]
   $dummy[1399]
   $dummy[1400]
   $dummy[1401]
   $dummy[1402]
   $dummy[1403]
   $dummy[1404]
   $dummy[1405]
   $dummy[1406]
   $dummy[1407]
   $dummy[1408]
   $dummy[1409]
   $dummy[1410]
   $dummy[1411]
   $dummy[1412]
   $dummy[1413]
   $dummy[1414]
   $dummy[1415]
   $dummy[1416]
   $dummy[1417]
   $dummy[1418]
   $dummy[1419]
   $dummy[1420]
   $dummy[1421]
   $dummy[1422]
   $dummy[1423]
   $dummy[1424]
   $dummy[1425]
   $dummy[1426]
   $dummy[1427]
   $dummy[1428]
   $dummy[1429]
   $dummy[1430]
   $dummy[1431]
   $dummy[1432]
   $dummy[1433]
   $dummy[1434]
   $dummy[1435]
   $dummy[1436]
   $dummy[1437]
   $dummy[1438]
   $dummy[1439]
   $dummy[1440]
   $dummy[1441]
   $dummy[1442]
   $dummy[1443]
   $dummy[1444]
   $dummy[1445]
   $dummy[1446]
   $dummy[1447]
   $dummy[1448]
   $dummy[1449]
   $dummy[1450]
   $dummy[1451]
   $dummy[1452]
   $dummy[1453]
   $dummy[1454]
   $dummy[1455]
   $dummy[1456]
   $dummy[1457]
   $dummy[1458]
   $dummy[1459]
   $dummy[1460]
   $dummy[1461]
   $dummy[1462]
   $dummy[1463]
   $dummy[1464]
   $dummy[1465]
   $dummy[1466]
   $dummy[1467]
   $dummy[1468]
   $dummy[1469]
   $dummy[1470]
   $dummy[1471]
   $dummy[1472]
   $dummy[1473]
   $dummy[1474]
   $dummy[1475]
   $dummy[1476]
   $dummy[1477]
   $dummy[1478]
   $dummy[1479]
   $dummy[1480]
   $dummy[1481]
   $dummy[1482]
   $dummy[1483]
   $dummy[1484]
   $dummy[1485]
   $dummy[1486]
   $dummy[1487]
   $dummy[1488]
   $dummy[1489]
   $dummy[1490]
   $dummy[1491]
   $dummy[1492]
   $dummy[1493]
   $dummy[1494]
   $dummy[1495]
   $dummy[1496]
   $dummy[1497]
   $dummy[1498]
   $dummy[1499]
   $dummy[1500]
   $dummy[1501]
   $dummy[1502]
   $dummy[1503]
   $dummy[1504]
   $dummy[1505]
   $dummy[1506]
   $dummy[1507]
   $dummy[1508]
   $dummy[1509]
   $dummy[1510]
   $dummy[1511]
   $dummy[1512]
   $dummy[1513]
   $dummy[1514]
   $dummy[1515]
   $dummy[1516]
   $dummy[1517]
   $dummy[1518]
   $dummy[1519]
   $dummy[1520]
   $dummy[1521]
   $dummy[1522]
   $dummy[1523]
   $dummy[1524]
   $dummy[1525]
   $dummy[1526]
   $dummy[1527]
   $dummy[1528]
   $dummy[1529]
   $dummy[1530]
   $dummy[1531]
   $dummy[1532]
   $dummy[1533]
   $dummy[1534]
   $dummy[1535]
   $dummy[1536]
   $dummy[1537]
   $dummy[1538]
   $dummy[1539]
   $dummy[1540]
   $dummy[1541]
   $dummy[1542]
   $dummy[1543]
   $dummy[1544]
   $dummy[1545]
   $dummy[1546]
   $dummy[1547]
   $dummy[1548]
   $dummy[1549]
   $dummy[1550]
   $dummy[1551]
   $dummy[1552]
   $dummy[1553]
   $dummy[1554]
   $dummy[1555]
   $dummy[1556]
   $dummy[1557]
   $dummy[1558]
   $dummy[1559]
   $dummy[1560]
   $dummy[1561]
   $dummy[1562]
   $dummy[1563]
   $dummy[1564]
   $dummy[1565]
   $dummy[1566]
   $dummy[1567]
   $dummy[1568]
   $dummy[1569]
   $dummy[1570]
   $dummy[1571]
   $dummy[1572]
   $dummy[1573]
   $dummy[1574]
   $dummy[1575]
   $dummy[1576]
   $dummy[1577]
   $dummy[1578]
   $dummy[1579]
   $dummy[1580]
   $dummy[1581]
   $dummy[1582]
   $dummy[1583]
   $dummy[1584]
   $dummy[1585]
   $dummy[1586]
   $dummy[1587]
   $dummy[1588]
   $dummy[1589]
   $dummy[1590]
   $dummy[1591]
   $dummy[1592]
   $dummy[1593]
   $dummy[1594]
   $dummy[1595]
   $dummy[1596]
   $dummy[1597]
   $dummy[1598]
   $dummy[1599]
   $dummy[1600]
   $dummy[1601]
   $dummy[1602]
   $dummy[1603]
   $dummy[1604]
   $dummy[1605]
   $dummy[1606]
   $dummy[1607]
   $dummy[1608]
   $dummy[1609]
   $dummy[1610]
   $dummy[1611]
   $dummy[1612]
   $dummy[1613]
   $dummy[1614]
   $dummy[1615]
   $dummy[1616]
   $dummy[1617]
   $dummy[1618]
   $dummy[1619]
   $dummy[1620]
   $dummy[1621]
   $dummy[1622]
   $dummy[1623]
   $dummy[1624]
   $dummy[1625]
   $dummy[1626]
   $dummy[1627]
   $dummy[1628]
   $dummy[1629]
   $dummy[1630]
   $dummy[1631]
   $dummy[1632]
   $dummy[1633]
   $dummy[1634]
   $dummy[1635]
   $dummy[1636]
   $dummy[1637]
   $dummy[1638]
   $dummy[1639]
   $dummy[1640]
   $dummy[1641]
   $dummy[1642]
   $dummy[1643]
   $dummy[1644]
   $dummy[1645]
   $dummy[1646]
   $dummy[1647]
   $dummy[1648]
   $dummy[1649]
   $dummy[1650]
   $dummy[1651]
   $dummy[1652]
   $dummy[1653]
   $dummy[1654]
   $dummy[1655]
   $dummy[1656]
   $dummy[1657]
   $dummy[1658]
   $dummy[1659]
   $dummy[1660]
   $dummy[1661]
   $dummy[1662]
   $dummy[1663]
   $dummy[1664]
   $dummy[1665]
   $dummy[1666]
   $dummy[1667]
   $dummy[1668]
   $dummy[1669]
   $dummy[1670]
   $dummy[1671]
   $dummy[1672]
   $dummy[1673]
   $dummy[1674]
   $dummy[1675]
   $dummy[1676]
   $dummy[1677]
   $dummy[1678]
   $dummy[1679]
   $dummy[1680]
   $dummy[1681]
   $dummy[1682]
   $dummy[1683]
   $dummy[1684]
   $dummy[1685]
   $dummy[1686]
   $dummy[1687]
   $dummy[1688]
   $dummy[1689]
   $dummy[1690]
   $dummy[1691]
   $dummy[1692]
   $dummy[1693]
   $dummy[1694]
   $dummy[1695]
   $dummy[1696]
   $dummy[1697]
   $dummy[1698]
   $dummy[1699]
   $dummy[1700]
   $dummy[1701]
   $dummy[1702]
   $dummy[1703]
   $dummy[1704]
   $dummy[1705]
   $dummy[1706]
   $dummy[1707]
   $dummy[1708]
   $dummy[1709]
   $dummy[1710]
   $dummy[1711]
   $dummy[1712]
   $dummy[1713]
   $dummy[1714]
   $dummy[1715]
   $dummy[1716]
   $dummy[1717]
   $dummy[1718]
   $dummy[1719]
   $dummy[1720]
   $dummy[1721]
   $dummy[1722]
   $dummy[1723]
   $dummy[1724]
   $dummy[1725]
   $dummy[1726]
   $dummy[1727]
   $dummy[1728]
   $dummy[1729]
   $dummy[1730]
   $dummy[1731]
   $dummy[1732]
   $dummy[1733]
   $dummy[1734]
   $dummy[1735]
   $dummy[1736]
   $dummy[1737]
   $dummy[1738]
   $dummy[1739]
   $dummy[1740]
   $dummy[1741]
   $dummy[1742]
   $dummy[1743]
   $dummy[1744]
   $dummy[1745]
   $dummy[1746]
   $dummy[1747]
   $dummy[1748]
   $dummy[1749]
   $dummy[1750]
   $dummy[1751]
   $dummy[1752]
   $dummy[1753]
   $dummy[1754]
   $dummy[1755]
   $dummy[1756]
   $dummy[1757]
   $dummy[1758]
   $dummy[1759]
   $dummy[1760]
   $dummy[1761]
   $dummy[1762]
   $dummy[1763]
   $dummy[1764]
   $dummy[1765]
   $dummy[1766]
   $dummy[1767]
   $dummy[1768]
   $dummy[1769]
   $dummy[1770]
   $dummy[1771]
   $dummy[1772]
   $dummy[1773]
   $dummy[1774]
   $dummy[1775]
   $dummy[1776]
   $dummy[1777]
   $dummy[1778]
   $dummy[1779]
   $dummy[1780]
   $dummy[1781]
   $dummy[1782]
   $dummy[1783]
   $dummy[1784]
   $dummy[1785]
   $dummy[1786]
   $dummy[1787]
   $dummy[1788]
   $dummy[1789]
   $dummy[1790]
   $dummy[1791]
   $dummy[1792]
   $dummy[1793]
   $dummy[1794]
   $dummy[1795]
   $dummy[1796]
   $dummy[1797]
   $dummy[1798]
   $dummy[1799]
   $dummy[1800]
   $dummy[1801]
   $dummy[1802]
   $dummy[1803]
   $dummy[1804]
   $dummy[1805]
   $dummy[1806]
   $dummy[1807]
   $dummy[1808]
   $dummy[1809]
   $dummy[1810]
   $dummy[1811]
   $dummy[1812]
   $dummy[1813]
   $dummy[1814]
   $dummy[1815]
   $dummy[1816]
   $dummy[1817]
   $dummy[1818]
   $dummy[1819]
   $dummy[1820]
   $dummy[1821]
   $dummy[1822]
   $dummy[1823]
   $dummy[1824]
   $dummy[1825]
   $dummy[1826]
   $dummy[1827]
   $dummy[1828]
   $dummy[1829]
   $dummy[1830]
   $dummy[1831]
   $dummy[1832]
   $dummy[1833]
   $dummy[1834]
   $dummy[1835]
   $dummy[1836]
   $dummy[1837]
   $dummy[1838]
   $dummy[1839]
   $dummy[1840]
   $dummy[1841]
   $dummy[1842]
   $dummy[1843]
   $dummy[1844]
   $dummy[1845]
   $dummy[1846]
   $dummy[1847]
   $dummy[1848]
   $dummy[1849]
   $dummy[1850]
   $dummy[1851]
   $dummy[1852]
   $dummy[1853]
   $dummy[1854]
   $dummy[1855]
   $dummy[1856]
   $dummy[1857]
   $dummy[1858]
   $dummy[1859]
   $dummy[1860]
   $dummy[1861]
   $dummy[1862]
   $dummy[1863]
   $dummy[1864]
   $dummy[1865]
   $dummy[1866]
   $dummy[1867]
   $dummy[1868]
   $dummy[1869]
   $dummy[1870]
   $dummy[1871]
   $dummy[1872]
   $dummy[1873]
   $dummy[1874]
   $dummy[1875]
   $dummy[1876]
   $dummy[1877]
   $dummy[1878]
   $dummy[1879]
   $dummy[1880]
   $dummy[1881]
   $dummy[1882]
   $dummy[1883]
   $dummy[1884]
   $dummy[1885]
   $dummy[1886]
   $dummy[1887]
   $dummy[1888]
   $dummy[1889]
   $dummy[1890]
   $dummy[1891]
   $dummy[1892]
   $dummy[1893]
   $dummy[1894]
   $dummy[1895]
   $dummy[1896]
   $dummy[1897]
   $dummy[1898]
   $dummy[1899]
   $dummy[1900]
   $dummy[1901]
   $dummy[1902]
   $dummy[1903]
   $dummy[1904]
   $dummy[1905]
   $dummy[1906]
   $dummy[1907]
   $dummy[1908]
   $dummy[1909]
   $dummy[1910]
   $dummy[1911]
   $dummy[1912]
   $dummy[1913]
   $dummy[1914]
   $dummy[1915]
   $dummy[1916]
   $dummy[1917]
   $dummy[1918]
   $dummy[1919]
   $dummy[1920]
   $dummy[1921]
   $dummy[1922]
   $dummy[1923]
   $dummy[1924]
   $dummy[1925]
   $dummy[1926]
   $dummy[1927]
   $dummy[1928]
   $dummy[1929]
   $dummy[1930]
   $dummy[1931]
   $dummy[1932]
   $dummy[1933]
   $dummy[1934]
   $dummy[1935]
   $dummy[1936]
   $dummy[1937]
   $dummy[1938]
   $dummy[1939]
   $dummy[1940]
   $dummy[1941]
   $dummy[1942]
   $dummy[1943]
   $dummy[1944]
   $dummy[1945]
   $dummy[1946]
   $dummy[1947]
   $dummy[1948]
   $dummy[1949]
   $dummy[1950]
   $dummy[1951]
   $dummy[1952]
   $dummy[1953]
   $dummy[1954]
   $dummy[1955]
   $dummy[1956]
   $dummy[1957]
   $dummy[1958]
   $dummy[1959]
   $dummy[1960]
   $dummy[1961]
   $dummy[1962]
   $dummy[1963]
   $dummy[1964]
   $dummy[1965]
   $dummy[1966]
   $dummy[1967]
   $dummy[1968]
   $dummy[1969]
   $dummy[1970]
   $dummy[1971]
   $dummy[1972]
   $dummy[1973]
   $dummy[1974]
   $dummy[1975]
   $dummy[1976]
   $dummy[1977]
   $dummy[1978]
   $dummy[1979]
   $dummy[1980]
   $dummy[1981]
   $dummy[1982]
   $dummy[1983]
   $dummy[1984]
   $dummy[1985]
   $dummy[1986]
   $dummy[1987]
   $dummy[1988]
   $dummy[1989]
   $dummy[1990]
   $dummy[1991]
   $dummy[1992]
   $dummy[1993]
   $dummy[1994]
   $dummy[1995]
   $dummy[1996]
   $dummy[1997]
   $dummy[1998]
   $dummy[1999]
   $dummy[2000]
   $dummy[2001]
   $dummy[2002]
   $dummy[2003]
   $dummy[2004]
   $dummy[2005]
   $dummy[2006]
   $dummy[2007]
   $dummy[2008]
   $dummy[2009]
   $dummy[2010]
   $dummy[2011]
   $dummy[2012]
   $dummy[2013]
   $dummy[2014]
   $dummy[2015]
   $dummy[2016]
   $dummy[2017]
   $dummy[2018]
   $dummy[2019]
   $dummy[2020]
   $dummy[2021]
   $dummy[2022]
   $dummy[2023]
   $dummy[2024]
   $dummy[2025]
   $dummy[2026]
   $dummy[2027]
   $dummy[2028]
   $dummy[2029]
   $dummy[2030]
   $dummy[2031]
   $dummy[2032]
   $dummy[2033]
   $dummy[2034]
   $dummy[2035]
   $dummy[2036]
   $dummy[2037]
   $dummy[2038]
   $dummy[2039]
   $dummy[2040]
   $dummy[2041]
   $dummy[2042]
   $dummy[2043]
   $dummy[2044]
   $dummy[2045]
   $dummy[2046]
   $dummy[2047]
   $dummy[2048]
   $dummy[2049]
   $dummy[2050]
   $dummy[2051]
   $dummy[2052]
   $dummy[2053]
   $dummy[2054]
   $dummy[2055]
   $dummy[2056]
   $dummy[2057]
   $dummy[2058]
   $dummy[2059]
   $dummy[2060]
   $dummy[2061]
   $dummy[2062]
   $dummy[2063]
   $dummy[2064]
   $dummy[2065]
   $dummy[2066]
   $dummy[2067]
   $dummy[2068]
   $dummy[2069]
   $dummy[2070]
   $dummy[2071]
   $dummy[2072]
   $dummy[2073]
   $dummy[2074]
   $dummy[2075]
   $dummy[2076]
   $dummy[2077]
   $dummy[2078]
   $dummy[2079]
   $dummy[2080]
   $dummy[2081]
   $dummy[2082]
   $dummy[2083]
   $dummy[2084]
   $dummy[2085]
   $dummy[2086]
   $dummy[2087]
   $dummy[2088]
   $dummy[2089]
   $dummy[2090]
   $dummy[2091]
   $dummy[2092]
   $dummy[2093]
   $dummy[2094]
   $dummy[2095]
   $dummy[2096]
   $dummy[2097]
   $dummy[2098]
   $dummy[2099]
   $dummy[2100]
   $dummy[2101]
   $dummy[2102]
   $dummy[2103]
   $dummy[2104]
   $dummy[2105]
   $dummy[2106]
   $dummy[2107]
   $dummy[2108]
   $dummy[2109]
   $dummy[2110]
   $dummy[2111]
   $dummy[2112]
   $dummy[2113]
   $dummy[2114]
   $dummy[2115]
   $dummy[2116]
   $dummy[2117]
   $dummy[2118]
   $dummy[2119]
   $dummy[2120]
   $dummy[2121]
   $dummy[2122]
   $dummy[2123]
   $dummy[2124]
   $dummy[2125]
   $dummy[2126]
   $dummy[2127]
   $dummy[2128]
   $dummy[2129]
   $dummy[2130]
   $dummy[2131]
   $dummy[2132]
   $dummy[2133]
   $dummy[2134]
   $dummy[2135]
   $dummy[2136]
   $dummy[2137]
   $dummy[2138]
   $dummy[2139]
   $dummy[2140]
   $dummy[2141]
   $dummy[2142]
   $dummy[2143]
   $dummy[2144]
   $dummy[2145]
   $dummy[2146]
   $dummy[2147]
   $dummy[2148]
   $dummy[2149]
   $dummy[2150]
   $dummy[2151]
   $dummy[2152]
   $dummy[2153]
   $dummy[2154]
   $dummy[2155]
   $dummy[2156]
   $dummy[2157]
   $dummy[2158]
   $dummy[2159]
   $dummy[2160]
   $dummy[2161]
   $dummy[2162]
   $dummy[2163]
   $dummy[2164]
   $dummy[2165]
   $dummy[2166]
   $dummy[2167]
   $dummy[2168]
   $dummy[2169]
   $dummy[2170]
   $dummy[2171]
   $dummy[2172]
   $dummy[2173]
   $dummy[2174]
   $dummy[2175]
   $dummy[2176]
   $dummy[2177]
   $dummy[2178]
   $dummy[2179]
   $dummy[2180]
   $dummy[2181]
   $dummy[2182]
   $dummy[2183]
   $dummy[2184]
   $dummy[2185]
   $dummy[2186]
   $dummy[2187]
   $dummy[2188]
   $dummy[2189]
   $dummy[2190]
   $dummy[2191]
   $dummy[2192]
   $dummy[2193]
   $dummy[2194]
   $dummy[2195]
   $dummy[2196]
   $dummy[2197]
   $dummy[2198]
   $dummy[2199]
   $dummy[2200]
   $dummy[2201]
   $dummy[2202]
   $dummy[2203]
   $dummy[2204]
   $dummy[2205]
   $dummy[2206]
   $dummy[2207]
   $dummy[2208]
   $dummy[2209]
   $dummy[2210]
   $dummy[2211]
   $dummy[2212]
   $dummy[2213]
   $dummy[2214]
   $dummy[2215]
   $dummy[2216]
   $dummy[2217]
   $dummy[2218]
   $dummy[2219]
   $dummy[2220]
   $dummy[2221]
   $dummy[2222]
   $dummy[2223]
   $dummy[2224]
   $dummy[2225]
   $dummy[2226]
   $dummy[2227]
   $dummy[2228]
   $dummy[2229]
   $dummy[2230]
   $dummy[2231]
   $dummy[2232]
   $dummy[2233]
   $dummy[2234]
   $dummy[2235]
   $dummy[2236]
   $dummy[2237]
   $dummy[2238]
   $dummy[2239]
   $dummy[2240]
   $dummy[2241]
   $dummy[2242]
   $dummy[2243]
   $dummy[2244]
   $dummy[2245]
   $dummy[2246]
   $dummy[2247]
   $dummy[2248]
   $dummy[2249]
   $dummy[2250]
   $dummy[2251]
   $dummy[2252]
   $dummy[2253]
   $dummy[2254]
   $dummy[2255]
   $dummy[2256]
   $dummy[2257]
   $dummy[2258]
   $dummy[2259]
   $dummy[2260]
   $dummy[2261]
   $dummy[2262]
